-----
Match succeeded for: abcdef
def
d
Match failed for: abcdef
-----
Match failed for: bacdef
def
d
Match failed for: bacdef
-----
Match succeeded for: abcd
bcd
d
Match succeeded for: abcd
