   2 drwxr-xr-x   2       512 tmp
Couldn't stat: No such file or directory
