Parsing x.icn: .
/home/jeffery/unicon/bin/icont -c   -O x.icn /tmp/uni73673583
Translating:
x.icn:
  main
No errors
/home/jeffery/unicon/bin/icont  x.u
Linking:
